// Jest Snapshot v1, https://goo.gl/fbAQLP

exports[`<Example /> should match snapshot 1`] = `
<Fragment>
  Example
  <br />
  <Styled(Button)
    loading={false}
    onClick={[Function]}
    type="primary"
  >
    Click Me
  </Styled(Button)>
</Fragment>
`;
